<testsuites id="" name="" tests="495" failures="2" skipped="0" errors="0" time="359.492691">
<testsuite name="blocks.spec.ts" timestamp="2026-05-30T07:27:11.948Z" hostname="chromium" tests="20" failures="0" skipped="0" time="15.314" errors="0">
<testcase name="Color Block Escape (Blocks) › game page loads with correct title" classname="blocks.spec.ts" time="0.84">
</testcase>
<testcase name="Color Block Escape (Blocks) › level 1 board renders" classname="blocks.spec.ts" time="0.709">
</testcase>
<testcase name="Color Block Escape (Blocks) › blocks are rendered on board" classname="blocks.spec.ts" time="0.656">
</testcase>
<testcase name="Color Block Escape (Blocks) › level header displays current level" classname="blocks.spec.ts" time="0.637">
</testcase>
<testcase name="Color Block Escape (Blocks) › move counter starts at 0" classname="blocks.spec.ts" time="0.723">
</testcase>
<testcase name="Color Block Escape (Blocks) › hint button is visible" classname="blocks.spec.ts" time="0.789">
</testcase>
<testcase name="Color Block Escape (Blocks) › hint button pulses doors" classname="blocks.spec.ts" time="5.41">
</testcase>
<testcase name="Color Block Escape (Blocks) › can select/deselect blocks" classname="blocks.spec.ts" time="0.729">
</testcase>
<testcase name="Color Block Escape (Blocks) › undo button is visible" classname="blocks.spec.ts" time="0.32">
</testcase>
<testcase name="Color Block Escape (Blocks) › reset button is visible" classname="blocks.spec.ts" time="0.52">
</testcase>
<testcase name="Color Block Escape (Blocks) › mute button toggles state" classname="blocks.spec.ts" time="0.562">
</testcase>
<testcase name="Color Block Escape (Blocks) › level picker modal opens and closes" classname="blocks.spec.ts" time="0.361">
</testcase>
<testcase name="Color Block Escape (Blocks) › can navigate back to hub" classname="blocks.spec.ts" time="0.386">
</testcase>
<testcase name="Blocks - Persistence › progress saves and restores" classname="blocks.spec.ts" time="0.263">
</testcase>
<testcase name="Blocks - Persistence › cleared localStorage starts fresh game" classname="blocks.spec.ts" time="0.57">
</testcase>
<testcase name="Blocks - Persistence › corrupted save does not crash game" classname="blocks.spec.ts" time="0.262">
</testcase>
<testcase name="Blocks - Movement › block movement increases move counter" classname="blocks.spec.ts" time="0.513">
</testcase>
<testcase name="Blocks - Responsive Design › game adapts to mobile screen" classname="blocks.spec.ts" time="0.273">
</testcase>
<testcase name="Blocks - Responsive Design › game adapts to tablet screen" classname="blocks.spec.ts" time="0.484">
</testcase>
<testcase name="Blocks - Responsive Design › game adapts to desktop screen" classname="blocks.spec.ts" time="0.307">
</testcase>
</testsuite>
<testsuite name="cards.spec.ts" timestamp="2026-05-30T07:27:11.948Z" hostname="chromium" tests="24" failures="0" skipped="0" time="9.298" errors="0">
<testcase name="Cards - Klondike Solitaire › klondike page loads with correct title" classname="cards.spec.ts" time="0.291">
</testcase>
<testcase name="Cards - Klondike Solitaire › klondike displays board with piles" classname="cards.spec.ts" time="0.285">
</testcase>
<testcase name="Cards - Klondike Solitaire › klondike displays stats" classname="cards.spec.ts" time="0.262">
</testcase>
<testcase name="Cards - Klondike Solitaire › deck theme button is visible" classname="cards.spec.ts" time="0.251">
</testcase>
<testcase name="Cards - Klondike Solitaire › deck theme selector opens modal" classname="cards.spec.ts" time="0.647">
</testcase>
<testcase name="Cards - Klondike Solitaire › can select different deck themes" classname="cards.spec.ts" time="0.953">
</testcase>
<testcase name="Cards - Klondike Solitaire › theme selection persists" classname="cards.spec.ts" time="0.683">
</testcase>
<testcase name="Cards - Klondike Solitaire › undo button is visible" classname="cards.spec.ts" time="0.266">
</testcase>
<testcase name="Cards - Klondike Solitaire › new game button is visible" classname="cards.spec.ts" time="0.247">
</testcase>
<testcase name="Cards - Klondike Solitaire › mute button toggles" classname="cards.spec.ts" time="0.3">
</testcase>
<testcase name="Cards - Klondike Solitaire › can navigate back to variants" classname="cards.spec.ts" time="0.288">
</testcase>
<testcase name="Cards - Spider Solitaire › spider page loads with correct title" classname="cards.spec.ts" time="0.306">
</testcase>
<testcase name="Cards - Spider Solitaire › spider displays board" classname="cards.spec.ts" time="0.3">
</testcase>
<testcase name="Cards - Spider Solitaire › spider has difficulty selector" classname="cards.spec.ts" time="0.3">
</testcase>
<testcase name="Cards - Spider Solitaire › spider displays completed sets counter" classname="cards.spec.ts" time="0.542">
</testcase>
<testcase name="Cards - FreeCell › freecell page loads with correct title" classname="cards.spec.ts" time="0.543">
</testcase>
<testcase name="Cards - FreeCell › freecell displays free cells and foundations" classname="cards.spec.ts" time="0.517">
</testcase>
<testcase name="Cards - Persistence › game state saves to localStorage" classname="cards.spec.ts" time="0.223">
</testcase>
<testcase name="Cards - Persistence › deck theme persists across games" classname="cards.spec.ts" time="0.28">
</testcase>
<testcase name="Cards - Persistence › corrupted game save does not crash" classname="cards.spec.ts" time="0.255">
</testcase>
<testcase name="Cards - Responsive Design › klondike adapts to mobile" classname="cards.spec.ts" time="0.234">
</testcase>
<testcase name="Cards - Responsive Design › klondike adapts to tablet" classname="cards.spec.ts" time="0.261">
</testcase>
<testcase name="Cards - Responsive Design › klondike adapts to desktop" classname="cards.spec.ts" time="0.534">
</testcase>
<testcase name="Cards - Responsive Design › dark theme is applied" classname="cards.spec.ts" time="0.53">
</testcase>
</testsuite>
<testsuite name="digger.spec.ts" timestamp="2026-05-30T07:27:11.948Z" hostname="chromium" tests="25" failures="0" skipped="0" time="16.004" errors="0">
<testcase name="Around the World Digger › digger game page loads" classname="digger.spec.ts" time="0.317">
</testcase>
<testcase name="Around the World Digger › displays viewport with world" classname="digger.spec.ts" time="0.575">
</testcase>
<testcase name="Around the World Digger › displays player sprite" classname="digger.spec.ts" time="0.265">
</testcase>
<testcase name="Around the World Digger › displays topbar with stats" classname="digger.spec.ts" time="0.561">
</testcase>
<testcase name="Around the World Digger › displays gold counter" classname="digger.spec.ts" time="0.274">
</testcase>
<testcase name="Around the World Digger › displays cart information" classname="digger.spec.ts" time="0.272">
</testcase>
<testcase name="Around the World Digger › shop button is visible" classname="digger.spec.ts" time="0.281">
</testcase>
<testcase name="Around the World Digger › reset button is visible" classname="digger.spec.ts" time="0.305">
</testcase>
<testcase name="Around the World Digger › mute button toggles state" classname="digger.spec.ts" time="0.578">
</testcase>
<testcase name="Around the World Digger › can navigate back to hub" classname="digger.spec.ts" time="0.665">
</testcase>
<testcase name="Digger - World &amp; Gameplay › world contains tiles" classname="digger.spec.ts" time="0.324">
</testcase>
<testcase name="Digger - World &amp; Gameplay › world contains various tile types" classname="digger.spec.ts" time="0.568">
</testcase>
<testcase name="Digger - World &amp; Gameplay › displays adjacent tile hints" classname="digger.spec.ts" time="0.568">
</testcase>
<testcase name="Digger - World &amp; Gameplay › elevator tiles are present" classname="digger.spec.ts" time="0.318">
</testcase>
<testcase name="Digger - World &amp; Gameplay › mineral visuals render" classname="digger.spec.ts" time="0.336">
</testcase>
<testcase name="Digger - Persistence › world state saves to localStorage" classname="digger.spec.ts" time="5.601">
</testcase>
<testcase name="Digger - Persistence › world persists across reloads" classname="digger.spec.ts" time="0.893">
</testcase>
<testcase name="Digger - Persistence › corrupted save does not crash game" classname="digger.spec.ts" time="0.414">
</testcase>
<testcase name="Digger - Persistence › multiple countries maintain separate worlds" classname="digger.spec.ts" time="0.345">
</testcase>
<testcase name="Digger - Movement › player can click adjacent tiles" classname="digger.spec.ts" time="0.351">
</testcase>
<testcase name="Digger - Movement › keyboard arrow keys work" classname="digger.spec.ts" time="0.692">
</testcase>
<testcase name="Digger - Movement › swipe/drag movement works on viewport" classname="digger.spec.ts" time="0.71">
</testcase>
<testcase name="Digger - Responsive Design › game adapts to mobile" classname="digger.spec.ts" time="0.253">
</testcase>
<testcase name="Digger - Responsive Design › game adapts to tablet" classname="digger.spec.ts" time="0.249">
</testcase>
<testcase name="Digger - Responsive Design › game adapts to desktop" classname="digger.spec.ts" time="0.289">
</testcase>
</testsuite>
<testsuite name="example.spec.js" timestamp="2026-05-30T07:27:11.948Z" hostname="chromium" tests="2" failures="0" skipped="0" time="1.422" errors="0">
<testcase name="has title" classname="example.spec.js" time="0.597">
</testcase>
<testcase name="get started link" classname="example.spec.js" time="0.825">
</testcase>
</testsuite>
<testsuite name="idle.spec.ts" timestamp="2026-05-30T07:27:11.948Z" hostname="chromium" tests="17" failures="0" skipped="0" time="21.454" errors="0">
<testcase name="Donut Empire (Idle) › idle game page loads" classname="idle.spec.ts" time="0.268">
</testcase>
<testcase name="Donut Empire (Idle) › displays coin counter at 0" classname="idle.spec.ts" time="0.297">
</testcase>
<testcase name="Donut Empire (Idle) › displays coin rate" classname="idle.spec.ts" time="0.306">
</testcase>
<testcase name="Donut Empire (Idle) › displays click power" classname="idle.spec.ts" time="0.309">
</testcase>
<testcase name="Donut Empire (Idle) › donut button is clickable" classname="idle.spec.ts" time="0.349">
</testcase>
<testcase name="Donut Empire (Idle) › clicking donut increases coins" classname="idle.spec.ts" time="0.591">
</testcase>
<testcase name="Donut Empire (Idle) › shop displays generators" classname="idle.spec.ts" time="0.307">
</testcase>
<testcase name="Donut Empire (Idle) › reset button is visible" classname="idle.spec.ts" time="0.316">
</testcase>
<testcase name="Donut Empire (Idle) › mute button toggles state" classname="idle.spec.ts" time="0.347">
</testcase>
<testcase name="Donut Empire (Idle) › can navigate back to hub" classname="idle.spec.ts" time="0.35">
</testcase>
<testcase name="Idle - Persistence › game state saves to localStorage" classname="idle.spec.ts" time="5.992">
</testcase>
<testcase name="Idle - Persistence › game state restores after reload" classname="idle.spec.ts" time="10.133">
</testcase>
<testcase name="Idle - Persistence › corrupted save does not crash game" classname="idle.spec.ts" time="0.3">
</testcase>
<testcase name="Idle - Persistence › offline earnings message appears" classname="idle.spec.ts" time="0.772">
</testcase>
<testcase name="Idle - Responsive Design › game adapts to mobile" classname="idle.spec.ts" time="0.258">
</testcase>
<testcase name="Idle - Responsive Design › game adapts to tablet" classname="idle.spec.ts" time="0.258">
</testcase>
<testcase name="Idle - Responsive Design › game adapts to desktop" classname="idle.spec.ts" time="0.301">
</testcase>
</testsuite>
<testsuite name="site.spec.ts" timestamp="2026-05-30T07:27:11.948Z" hostname="chromium" tests="11" failures="0" skipped="0" time="3.448" errors="0">
<testcase name="New Games - Site Smoke Tests › hub page loads with correct title" classname="site.spec.ts" time="0.203">
</testcase>
<testcase name="New Games - Site Smoke Tests › hub displays hero header" classname="site.spec.ts" time="0.198">
</testcase>
<testcase name="New Games - Site Smoke Tests › hub shows all 4 game cards" classname="site.spec.ts" time="0.186">
</testcase>
<testcase name="New Games - Site Smoke Tests › game cards have correct titles" classname="site.spec.ts" time="0.482">
</testcase>
<testcase name="New Games - Site Smoke Tests › game cards are clickable links" classname="site.spec.ts" time="0.492">
</testcase>
<testcase name="New Games - Site Smoke Tests › hero button plays sound on click" classname="site.spec.ts" time="0.463">
</testcase>
<testcase name="New Games - Site Smoke Tests › footer displays credit text" classname="site.spec.ts" time="0.17">
</testcase>
<testcase name="New Games - Site Smoke Tests › hub navigation returns when clicking back from a game" classname="site.spec.ts" time="0.336">
</testcase>
<testcase name="Hub Responsiveness › layout adapts to mobile viewport" classname="site.spec.ts" time="0.446">
</testcase>
<testcase name="Hub Responsiveness › layout adapts to tablet viewport" classname="site.spec.ts" time="0.219">
</testcase>
<testcase name="Hub Responsiveness › layout adapts to desktop viewport" classname="site.spec.ts" time="0.253">
</testcase>
</testsuite>
<testsuite name="blocks.spec.ts" timestamp="2026-05-30T07:27:11.948Z" hostname="firefox" tests="20" failures="0" skipped="0" time="43.14" errors="0">
<testcase name="Color Block Escape (Blocks) › game page loads with correct title" classname="blocks.spec.ts" time="1.537">
</testcase>
<testcase name="Color Block Escape (Blocks) › level 1 board renders" classname="blocks.spec.ts" time="2.496">
</testcase>
<testcase name="Color Block Escape (Blocks) › blocks are rendered on board" classname="blocks.spec.ts" time="3.054">
</testcase>
<testcase name="Color Block Escape (Blocks) › level header displays current level" classname="blocks.spec.ts" time="1.872">
</testcase>
<testcase name="Color Block Escape (Blocks) › move counter starts at 0" classname="blocks.spec.ts" time="2.583">
</testcase>
<testcase name="Color Block Escape (Blocks) › hint button is visible" classname="blocks.spec.ts" time="0.996">
</testcase>
<testcase name="Color Block Escape (Blocks) › hint button pulses doors" classname="blocks.spec.ts" time="7.912">
</testcase>
<testcase name="Color Block Escape (Blocks) › can select/deselect blocks" classname="blocks.spec.ts" time="1.264">
</testcase>
<testcase name="Color Block Escape (Blocks) › undo button is visible" classname="blocks.spec.ts" time="1.232">
</testcase>
<testcase name="Color Block Escape (Blocks) › reset button is visible" classname="blocks.spec.ts" time="1.385">
</testcase>
<testcase name="Color Block Escape (Blocks) › mute button toggles state" classname="blocks.spec.ts" time="1.384">
</testcase>
<testcase name="Color Block Escape (Blocks) › level picker modal opens and closes" classname="blocks.spec.ts" time="4.008">
</testcase>
<testcase name="Color Block Escape (Blocks) › can navigate back to hub" classname="blocks.spec.ts" time="1.768">
</testcase>
<testcase name="Blocks - Persistence › progress saves and restores" classname="blocks.spec.ts" time="1.479">
</testcase>
<testcase name="Blocks - Persistence › cleared localStorage starts fresh game" classname="blocks.spec.ts" time="1.454">
</testcase>
<testcase name="Blocks - Persistence › corrupted save does not crash game" classname="blocks.spec.ts" time="1.712">
</testcase>
<testcase name="Blocks - Movement › block movement increases move counter" classname="blocks.spec.ts" time="2.75">
</testcase>
<testcase name="Blocks - Responsive Design › game adapts to mobile screen" classname="blocks.spec.ts" time="1.408">
</testcase>
<testcase name="Blocks - Responsive Design › game adapts to tablet screen" classname="blocks.spec.ts" time="1.387">
</testcase>
<testcase name="Blocks - Responsive Design › game adapts to desktop screen" classname="blocks.spec.ts" time="1.459">
</testcase>
</testsuite>
<testsuite name="cards.spec.ts" timestamp="2026-05-30T07:27:11.948Z" hostname="firefox" tests="24" failures="1" skipped="0" time="44.333" errors="0">
<testcase name="Cards - Klondike Solitaire › klondike page loads with correct title" classname="cards.spec.ts" time="2.324">
</testcase>
<testcase name="Cards - Klondike Solitaire › klondike displays board with piles" classname="cards.spec.ts" time="1.923">
</testcase>
<testcase name="Cards - Klondike Solitaire › klondike displays stats" classname="cards.spec.ts" time="2.511">
</testcase>
<testcase name="Cards - Klondike Solitaire › deck theme button is visible" classname="cards.spec.ts" time="3.512">
</testcase>
<testcase name="Cards - Klondike Solitaire › deck theme selector opens modal" classname="cards.spec.ts" time="2.703">
</testcase>
<testcase name="Cards - Klondike Solitaire › can select different deck themes" classname="cards.spec.ts" time="2.855">
</testcase>
<testcase name="Cards - Klondike Solitaire › theme selection persists" classname="cards.spec.ts" time="2.149">
</testcase>
<testcase name="Cards - Klondike Solitaire › undo button is visible" classname="cards.spec.ts" time="1.073">
</testcase>
<testcase name="Cards - Klondike Solitaire › new game button is visible" classname="cards.spec.ts" time="1.035">
</testcase>
<testcase name="Cards - Klondike Solitaire › mute button toggles" classname="cards.spec.ts" time="1.242">
</testcase>
<testcase name="Cards - Klondike Solitaire › can navigate back to variants" classname="cards.spec.ts" time="2.222">
</testcase>
<testcase name="Cards - Spider Solitaire › spider page loads with correct title" classname="cards.spec.ts" time="1.347">
</testcase>
<testcase name="Cards - Spider Solitaire › spider displays board" classname="cards.spec.ts" time="2.599">
</testcase>
<testcase name="Cards - Spider Solitaire › spider has difficulty selector" classname="cards.spec.ts" time="2.693">
</testcase>
<testcase name="Cards - Spider Solitaire › spider displays completed sets counter" classname="cards.spec.ts" time="1.392">
</testcase>
<testcase name="Cards - FreeCell › freecell page loads with correct title" classname="cards.spec.ts" time="2.1">
</testcase>
<testcase name="Cards - FreeCell › freecell displays free cells and foundations" classname="cards.spec.ts" time="1.057">
</testcase>
<testcase name="Cards - Persistence › game state saves to localStorage" classname="cards.spec.ts" time="0.828">
<system-out>
<![CDATA[
[[ATTACHMENT|test-results\cards-Cards---Persistence-game-state-saves-to-localStorage-firefox\test-failed-1.png]]

[[ATTACHMENT|test-results\cards-Cards---Persistence-game-state-saves-to-localStorage-firefox\error-context.md]]
]]>
</system-out>
<failure message="expect(received).toBeTruthy()" type="expect.toBeTruthy">
<![CDATA[  [firefox] › cards.spec.ts:207:7 › Cards - Persistence › game state saves to localStorage ─────────

    Error: expect(received).toBeTruthy()

    Received: null

      215 |
      216 |     // Should have some save data
    > 217 |     expect(gameSave).toBeTruthy();
          |                      ^
      218 |
      219 |     const saveData = JSON.parse(gameSave!);
      220 |     expect(saveData.version).toBe(1);
        at C:\Users\Vartd\OneDrive\Skrivebord\Learning AI\vscode\New projects\New games\tests\cards.spec.ts:217:22

    attachment #1: screenshot (image/png) ──────────────────────────────────────────────────────────
    ..\test-results\cards-Cards---Persistence-game-state-saves-to-localStorage-firefox\test-failed-1.png
    ────────────────────────────────────────────────────────────────────────────────────────────────

    Error Context: ..\test-results\cards-Cards---Persistence-game-state-saves-to-localStorage-firefox\error-context.md
]]>
</failure>
</testcase>
<testcase name="Cards - Persistence › deck theme persists across games" classname="cards.spec.ts" time="1.566">
</testcase>
<testcase name="Cards - Persistence › corrupted game save does not crash" classname="cards.spec.ts" time="1.903">
</testcase>
<testcase name="Cards - Responsive Design › klondike adapts to mobile" classname="cards.spec.ts" time="1.5">
</testcase>
<testcase name="Cards - Responsive Design › klondike adapts to tablet" classname="cards.spec.ts" time="1.214">
</testcase>
<testcase name="Cards - Responsive Design › klondike adapts to desktop" classname="cards.spec.ts" time="1.603">
</testcase>
<testcase name="Cards - Responsive Design › dark theme is applied" classname="cards.spec.ts" time="0.982">
</testcase>
</testsuite>
<testsuite name="digger.spec.ts" timestamp="2026-05-30T07:27:11.948Z" hostname="firefox" tests="25" failures="0" skipped="0" time="51.708" errors="0">
<testcase name="Around the World Digger › digger game page loads" classname="digger.spec.ts" time="1.739">
</testcase>
<testcase name="Around the World Digger › displays viewport with world" classname="digger.spec.ts" time="4.214">
</testcase>
<testcase name="Around the World Digger › displays player sprite" classname="digger.spec.ts" time="1.601">
</testcase>
<testcase name="Around the World Digger › displays topbar with stats" classname="digger.spec.ts" time="1.786">
</testcase>
<testcase name="Around the World Digger › displays gold counter" classname="digger.spec.ts" time="2.231">
</testcase>
<testcase name="Around the World Digger › displays cart information" classname="digger.spec.ts" time="1.496">
</testcase>
<testcase name="Around the World Digger › shop button is visible" classname="digger.spec.ts" time="1.215">
</testcase>
<testcase name="Around the World Digger › reset button is visible" classname="digger.spec.ts" time="1.494">
</testcase>
<testcase name="Around the World Digger › mute button toggles state" classname="digger.spec.ts" time="1.391">
</testcase>
<testcase name="Around the World Digger › can navigate back to hub" classname="digger.spec.ts" time="1.602">
</testcase>
<testcase name="Digger - World &amp; Gameplay › world contains tiles" classname="digger.spec.ts" time="2.279">
</testcase>
<testcase name="Digger - World &amp; Gameplay › world contains various tile types" classname="digger.spec.ts" time="2.071">
</testcase>
<testcase name="Digger - World &amp; Gameplay › displays adjacent tile hints" classname="digger.spec.ts" time="1.205">
</testcase>
<testcase name="Digger - World &amp; Gameplay › elevator tiles are present" classname="digger.spec.ts" time="1.302">
</testcase>
<testcase name="Digger - World &amp; Gameplay › mineral visuals render" classname="digger.spec.ts" time="1.421">
</testcase>
<testcase name="Digger - Persistence › world state saves to localStorage" classname="digger.spec.ts" time="7.472">
</testcase>
<testcase name="Digger - Persistence › world persists across reloads" classname="digger.spec.ts" time="3.027">
</testcase>
<testcase name="Digger - Persistence › corrupted save does not crash game" classname="digger.spec.ts" time="2.36">
</testcase>
<testcase name="Digger - Persistence › multiple countries maintain separate worlds" classname="digger.spec.ts" time="1.529">
</testcase>
<testcase name="Digger - Movement › player can click adjacent tiles" classname="digger.spec.ts" time="1.631">
</testcase>
<testcase name="Digger - Movement › keyboard arrow keys work" classname="digger.spec.ts" time="1.865">
</testcase>
<testcase name="Digger - Movement › swipe/drag movement works on viewport" classname="digger.spec.ts" time="2.019">
</testcase>
<testcase name="Digger - Responsive Design › game adapts to mobile" classname="digger.spec.ts" time="1.312">
</testcase>
<testcase name="Digger - Responsive Design › game adapts to tablet" classname="digger.spec.ts" time="1.623">
</testcase>
<testcase name="Digger - Responsive Design › game adapts to desktop" classname="digger.spec.ts" time="1.823">
</testcase>
</testsuite>
<testsuite name="example.spec.js" timestamp="2026-05-30T07:27:11.948Z" hostname="firefox" tests="2" failures="0" skipped="0" time="3.716" errors="0">
<testcase name="has title" classname="example.spec.js" time="1.359">
</testcase>
<testcase name="get started link" classname="example.spec.js" time="2.357">
</testcase>
</testsuite>
<testsuite name="idle.spec.ts" timestamp="2026-05-30T07:27:11.948Z" hostname="firefox" tests="17" failures="0" skipped="0" time="44.429" errors="0">
<testcase name="Donut Empire (Idle) › idle game page loads" classname="idle.spec.ts" time="1.717">
</testcase>
<testcase name="Donut Empire (Idle) › displays coin counter at 0" classname="idle.spec.ts" time="1.767">
</testcase>
<testcase name="Donut Empire (Idle) › displays coin rate" classname="idle.spec.ts" time="2.39">
</testcase>
<testcase name="Donut Empire (Idle) › displays click power" classname="idle.spec.ts" time="1.727">
</testcase>
<testcase name="Donut Empire (Idle) › donut button is clickable" classname="idle.spec.ts" time="2.455">
</testcase>
<testcase name="Donut Empire (Idle) › clicking donut increases coins" classname="idle.spec.ts" time="1.825">
</testcase>
<testcase name="Donut Empire (Idle) › shop displays generators" classname="idle.spec.ts" time="1.21">
</testcase>
<testcase name="Donut Empire (Idle) › reset button is visible" classname="idle.spec.ts" time="0.994">
</testcase>
<testcase name="Donut Empire (Idle) › mute button toggles state" classname="idle.spec.ts" time="0.994">
</testcase>
<testcase name="Donut Empire (Idle) › can navigate back to hub" classname="idle.spec.ts" time="1.482">
</testcase>
<testcase name="Idle - Persistence › game state saves to localStorage" classname="idle.spec.ts" time="6.707">
</testcase>
<testcase name="Idle - Persistence › game state restores after reload" classname="idle.spec.ts" time="11.308">
</testcase>
<testcase name="Idle - Persistence › corrupted save does not crash game" classname="idle.spec.ts" time="2.209">
</testcase>
<testcase name="Idle - Persistence › offline earnings message appears" classname="idle.spec.ts" time="2.881">
</testcase>
<testcase name="Idle - Responsive Design › game adapts to mobile" classname="idle.spec.ts" time="1.448">
</testcase>
<testcase name="Idle - Responsive Design › game adapts to tablet" classname="idle.spec.ts" time="2.258">
</testcase>
<testcase name="Idle - Responsive Design › game adapts to desktop" classname="idle.spec.ts" time="1.057">
</testcase>
</testsuite>
<testsuite name="site.spec.ts" timestamp="2026-05-30T07:27:11.948Z" hostname="firefox" tests="11" failures="0" skipped="0" time="14.381" errors="0">
<testcase name="New Games - Site Smoke Tests › hub page loads with correct title" classname="site.spec.ts" time="1.282">
</testcase>
<testcase name="New Games - Site Smoke Tests › hub displays hero header" classname="site.spec.ts" time="1.578">
</testcase>
<testcase name="New Games - Site Smoke Tests › hub shows all 4 game cards" classname="site.spec.ts" time="1.405">
</testcase>
<testcase name="New Games - Site Smoke Tests › game cards have correct titles" classname="site.spec.ts" time="1.354">
</testcase>
<testcase name="New Games - Site Smoke Tests › game cards are clickable links" classname="site.spec.ts" time="1.147">
</testcase>
<testcase name="New Games - Site Smoke Tests › hero button plays sound on click" classname="site.spec.ts" time="1.505">
</testcase>
<testcase name="New Games - Site Smoke Tests › footer displays credit text" classname="site.spec.ts" time="1.112">
</testcase>
<testcase name="New Games - Site Smoke Tests › hub navigation returns when clicking back from a game" classname="site.spec.ts" time="1.513">
</testcase>
<testcase name="Hub Responsiveness › layout adapts to mobile viewport" classname="site.spec.ts" time="1.34">
</testcase>
<testcase name="Hub Responsiveness › layout adapts to tablet viewport" classname="site.spec.ts" time="1.11">
</testcase>
<testcase name="Hub Responsiveness › layout adapts to desktop viewport" classname="site.spec.ts" time="1.035">
</testcase>
</testsuite>
<testsuite name="blocks.spec.ts" timestamp="2026-05-30T07:27:11.948Z" hostname="webkit" tests="20" failures="0" skipped="0" time="25.534" errors="0">
<testcase name="Color Block Escape (Blocks) › game page loads with correct title" classname="blocks.spec.ts" time="0.965">
</testcase>
<testcase name="Color Block Escape (Blocks) › level 1 board renders" classname="blocks.spec.ts" time="0.966">
</testcase>
<testcase name="Color Block Escape (Blocks) › blocks are rendered on board" classname="blocks.spec.ts" time="0.897">
</testcase>
<testcase name="Color Block Escape (Blocks) › level header displays current level" classname="blocks.spec.ts" time="0.948">
</testcase>
<testcase name="Color Block Escape (Blocks) › move counter starts at 0" classname="blocks.spec.ts" time="0.918">
</testcase>
<testcase name="Color Block Escape (Blocks) › hint button is visible" classname="blocks.spec.ts" time="0.993">
</testcase>
<testcase name="Color Block Escape (Blocks) › hint button pulses doors" classname="blocks.spec.ts" time="5.689">
</testcase>
<testcase name="Color Block Escape (Blocks) › can select/deselect blocks" classname="blocks.spec.ts" time="1.056">
</testcase>
<testcase name="Color Block Escape (Blocks) › undo button is visible" classname="blocks.spec.ts" time="0.96">
</testcase>
<testcase name="Color Block Escape (Blocks) › reset button is visible" classname="blocks.spec.ts" time="0.832">
</testcase>
<testcase name="Color Block Escape (Blocks) › mute button toggles state" classname="blocks.spec.ts" time="1.478">
</testcase>
<testcase name="Color Block Escape (Blocks) › level picker modal opens and closes" classname="blocks.spec.ts" time="1.441">
</testcase>
<testcase name="Color Block Escape (Blocks) › can navigate back to hub" classname="blocks.spec.ts" time="1.202">
</testcase>
<testcase name="Blocks - Persistence › progress saves and restores" classname="blocks.spec.ts" time="0.946">
</testcase>
<testcase name="Blocks - Persistence › cleared localStorage starts fresh game" classname="blocks.spec.ts" time="0.976">
</testcase>
<testcase name="Blocks - Persistence › corrupted save does not crash game" classname="blocks.spec.ts" time="0.948">
</testcase>
<testcase name="Blocks - Movement › block movement increases move counter" classname="blocks.spec.ts" time="1.42">
</testcase>
<testcase name="Blocks - Responsive Design › game adapts to mobile screen" classname="blocks.spec.ts" time="0.917">
</testcase>
<testcase name="Blocks - Responsive Design › game adapts to tablet screen" classname="blocks.spec.ts" time="0.966">
</testcase>
<testcase name="Blocks - Responsive Design › game adapts to desktop screen" classname="blocks.spec.ts" time="1.016">
</testcase>
</testsuite>
<testsuite name="cards.spec.ts" timestamp="2026-05-30T07:27:11.948Z" hostname="webkit" tests="24" failures="0" skipped="0" time="23.311" errors="0">
<testcase name="Cards - Klondike Solitaire › klondike page loads with correct title" classname="cards.spec.ts" time="0.832">
</testcase>
<testcase name="Cards - Klondike Solitaire › klondike displays board with piles" classname="cards.spec.ts" time="0.824">
</testcase>
<testcase name="Cards - Klondike Solitaire › klondike displays stats" classname="cards.spec.ts" time="0.902">
</testcase>
<testcase name="Cards - Klondike Solitaire › deck theme button is visible" classname="cards.spec.ts" time="0.781">
</testcase>
<testcase name="Cards - Klondike Solitaire › deck theme selector opens modal" classname="cards.spec.ts" time="1.197">
</testcase>
<testcase name="Cards - Klondike Solitaire › can select different deck themes" classname="cards.spec.ts" time="1.899">
</testcase>
<testcase name="Cards - Klondike Solitaire › theme selection persists" classname="cards.spec.ts" time="1.828">
</testcase>
<testcase name="Cards - Klondike Solitaire › undo button is visible" classname="cards.spec.ts" time="0.732">
</testcase>
<testcase name="Cards - Klondike Solitaire › new game button is visible" classname="cards.spec.ts" time="0.735">
</testcase>
<testcase name="Cards - Klondike Solitaire › mute button toggles" classname="cards.spec.ts" time="1.112">
</testcase>
<testcase name="Cards - Klondike Solitaire › can navigate back to variants" classname="cards.spec.ts" time="0.842">
</testcase>
<testcase name="Cards - Spider Solitaire › spider page loads with correct title" classname="cards.spec.ts" time="0.851">
</testcase>
<testcase name="Cards - Spider Solitaire › spider displays board" classname="cards.spec.ts" time="0.77">
</testcase>
<testcase name="Cards - Spider Solitaire › spider has difficulty selector" classname="cards.spec.ts" time="0.805">
</testcase>
<testcase name="Cards - Spider Solitaire › spider displays completed sets counter" classname="cards.spec.ts" time="0.963">
</testcase>
<testcase name="Cards - FreeCell › freecell page loads with correct title" classname="cards.spec.ts" time="0.868">
</testcase>
<testcase name="Cards - FreeCell › freecell displays free cells and foundations" classname="cards.spec.ts" time="0.89">
</testcase>
<testcase name="Cards - Persistence › game state saves to localStorage" classname="cards.spec.ts" time="1.102">
</testcase>
<testcase name="Cards - Persistence › deck theme persists across games" classname="cards.spec.ts" time="1.138">
</testcase>
<testcase name="Cards - Persistence › corrupted game save does not crash" classname="cards.spec.ts" time="0.723">
</testcase>
<testcase name="Cards - Responsive Design › klondike adapts to mobile" classname="cards.spec.ts" time="0.608">
</testcase>
<testcase name="Cards - Responsive Design › klondike adapts to tablet" classname="cards.spec.ts" time="0.842">
</testcase>
<testcase name="Cards - Responsive Design › klondike adapts to desktop" classname="cards.spec.ts" time="1.078">
</testcase>
<testcase name="Cards - Responsive Design › dark theme is applied" classname="cards.spec.ts" time="0.989">
</testcase>
</testsuite>
<testsuite name="digger.spec.ts" timestamp="2026-05-30T07:27:11.948Z" hostname="webkit" tests="25" failures="0" skipped="0" time="32.234" errors="0">
<testcase name="Around the World Digger › digger game page loads" classname="digger.spec.ts" time="0.856">
</testcase>
<testcase name="Around the World Digger › displays viewport with world" classname="digger.spec.ts" time="0.924">
</testcase>
<testcase name="Around the World Digger › displays player sprite" classname="digger.spec.ts" time="0.714">
</testcase>
<testcase name="Around the World Digger › displays topbar with stats" classname="digger.spec.ts" time="0.752">
</testcase>
<testcase name="Around the World Digger › displays gold counter" classname="digger.spec.ts" time="0.692">
</testcase>
<testcase name="Around the World Digger › displays cart information" classname="digger.spec.ts" time="0.977">
</testcase>
<testcase name="Around the World Digger › shop button is visible" classname="digger.spec.ts" time="0.979">
</testcase>
<testcase name="Around the World Digger › reset button is visible" classname="digger.spec.ts" time="0.994">
</testcase>
<testcase name="Around the World Digger › mute button toggles state" classname="digger.spec.ts" time="1.906">
</testcase>
<testcase name="Around the World Digger › can navigate back to hub" classname="digger.spec.ts" time="1.718">
</testcase>
<testcase name="Digger - World &amp; Gameplay › world contains tiles" classname="digger.spec.ts" time="1.296">
</testcase>
<testcase name="Digger - World &amp; Gameplay › world contains various tile types" classname="digger.spec.ts" time="0.992">
</testcase>
<testcase name="Digger - World &amp; Gameplay › displays adjacent tile hints" classname="digger.spec.ts" time="0.908">
</testcase>
<testcase name="Digger - World &amp; Gameplay › elevator tiles are present" classname="digger.spec.ts" time="1.084">
</testcase>
<testcase name="Digger - World &amp; Gameplay › mineral visuals render" classname="digger.spec.ts" time="1.097">
</testcase>
<testcase name="Digger - Persistence › world state saves to localStorage" classname="digger.spec.ts" time="6.511">
</testcase>
<testcase name="Digger - Persistence › world persists across reloads" classname="digger.spec.ts" time="1.647">
</testcase>
<testcase name="Digger - Persistence › corrupted save does not crash game" classname="digger.spec.ts" time="1.223">
</testcase>
<testcase name="Digger - Persistence › multiple countries maintain separate worlds" classname="digger.spec.ts" time="1.062">
</testcase>
<testcase name="Digger - Movement › player can click adjacent tiles" classname="digger.spec.ts" time="1.018">
</testcase>
<testcase name="Digger - Movement › keyboard arrow keys work" classname="digger.spec.ts" time="1.217">
</testcase>
<testcase name="Digger - Movement › swipe/drag movement works on viewport" classname="digger.spec.ts" time="1.333">
</testcase>
<testcase name="Digger - Responsive Design › game adapts to mobile" classname="digger.spec.ts" time="0.711">
</testcase>
<testcase name="Digger - Responsive Design › game adapts to tablet" classname="digger.spec.ts" time="0.656">
</testcase>
<testcase name="Digger - Responsive Design › game adapts to desktop" classname="digger.spec.ts" time="0.967">
</testcase>
</testsuite>
<testsuite name="example.spec.js" timestamp="2026-05-30T07:27:11.948Z" hostname="webkit" tests="2" failures="0" skipped="0" time="3.014" errors="0">
<testcase name="has title" classname="example.spec.js" time="1.08">
</testcase>
<testcase name="get started link" classname="example.spec.js" time="1.934">
</testcase>
</testsuite>
<testsuite name="idle.spec.ts" timestamp="2026-05-30T07:27:11.948Z" hostname="webkit" tests="17" failures="0" skipped="0" time="37.823" errors="0">
<testcase name="Donut Empire (Idle) › idle game page loads" classname="idle.spec.ts" time="0.828">
</testcase>
<testcase name="Donut Empire (Idle) › displays coin counter at 0" classname="idle.spec.ts" time="1.026">
</testcase>
<testcase name="Donut Empire (Idle) › displays coin rate" classname="idle.spec.ts" time="1.038">
</testcase>
<testcase name="Donut Empire (Idle) › displays click power" classname="idle.spec.ts" time="1.096">
</testcase>
<testcase name="Donut Empire (Idle) › donut button is clickable" classname="idle.spec.ts" time="0.976">
</testcase>
<testcase name="Donut Empire (Idle) › clicking donut increases coins" classname="idle.spec.ts" time="1.872">
</testcase>
<testcase name="Donut Empire (Idle) › shop displays generators" classname="idle.spec.ts" time="0.991">
</testcase>
<testcase name="Donut Empire (Idle) › reset button is visible" classname="idle.spec.ts" time="0.913">
</testcase>
<testcase name="Donut Empire (Idle) › mute button toggles state" classname="idle.spec.ts" time="1.644">
</testcase>
<testcase name="Donut Empire (Idle) › can navigate back to hub" classname="idle.spec.ts" time="1.831">
</testcase>
<testcase name="Idle - Persistence › game state saves to localStorage" classname="idle.spec.ts" time="7.091">
</testcase>
<testcase name="Idle - Persistence › game state restores after reload" classname="idle.spec.ts" time="14.037">
</testcase>
<testcase name="Idle - Persistence › corrupted save does not crash game" classname="idle.spec.ts" time="0.73">
</testcase>
<testcase name="Idle - Persistence › offline earnings message appears" classname="idle.spec.ts" time="1.303">
</testcase>
<testcase name="Idle - Responsive Design › game adapts to mobile" classname="idle.spec.ts" time="0.539">
</testcase>
<testcase name="Idle - Responsive Design › game adapts to tablet" classname="idle.spec.ts" time="0.745">
</testcase>
<testcase name="Idle - Responsive Design › game adapts to desktop" classname="idle.spec.ts" time="1.163">
</testcase>
</testsuite>
<testsuite name="site.spec.ts" timestamp="2026-05-30T07:27:11.948Z" hostname="webkit" tests="11" failures="0" skipped="0" time="9.953" errors="0">
<testcase name="New Games - Site Smoke Tests › hub page loads with correct title" classname="site.spec.ts" time="0.769">
</testcase>
<testcase name="New Games - Site Smoke Tests › hub displays hero header" classname="site.spec.ts" time="0.809">
</testcase>
<testcase name="New Games - Site Smoke Tests › hub shows all 4 game cards" classname="site.spec.ts" time="0.811">
</testcase>
<testcase name="New Games - Site Smoke Tests › game cards have correct titles" classname="site.spec.ts" time="0.815">
</testcase>
<testcase name="New Games - Site Smoke Tests › game cards are clickable links" classname="site.spec.ts" time="0.828">
</testcase>
<testcase name="New Games - Site Smoke Tests › hero button plays sound on click" classname="site.spec.ts" time="1.261">
</testcase>
<testcase name="New Games - Site Smoke Tests › footer displays credit text" classname="site.spec.ts" time="0.877">
</testcase>
<testcase name="New Games - Site Smoke Tests › hub navigation returns when clicking back from a game" classname="site.spec.ts" time="1.516">
</testcase>
<testcase name="Hub Responsiveness › layout adapts to mobile viewport" classname="site.spec.ts" time="0.828">
</testcase>
<testcase name="Hub Responsiveness › layout adapts to tablet viewport" classname="site.spec.ts" time="0.675">
</testcase>
<testcase name="Hub Responsiveness › layout adapts to desktop viewport" classname="site.spec.ts" time="0.764">
</testcase>
</testsuite>
<testsuite name="blocks.spec.ts" timestamp="2026-05-30T07:27:11.948Z" hostname="Mobile Chrome" tests="20" failures="0" skipped="0" time="14.167" errors="0">
<testcase name="Color Block Escape (Blocks) › game page loads with correct title" classname="blocks.spec.ts" time="1.073">
</testcase>
<testcase name="Color Block Escape (Blocks) › level 1 board renders" classname="blocks.spec.ts" time="0.826">
</testcase>
<testcase name="Color Block Escape (Blocks) › blocks are rendered on board" classname="blocks.spec.ts" time="0.867">
</testcase>
<testcase name="Color Block Escape (Blocks) › level header displays current level" classname="blocks.spec.ts" time="0.36">
</testcase>
<testcase name="Color Block Escape (Blocks) › move counter starts at 0" classname="blocks.spec.ts" time="0.327">
</testcase>
<testcase name="Color Block Escape (Blocks) › hint button is visible" classname="blocks.spec.ts" time="0.245">
</testcase>
<testcase name="Color Block Escape (Blocks) › hint button pulses doors" classname="blocks.spec.ts" time="4.942">
</testcase>
<testcase name="Color Block Escape (Blocks) › can select/deselect blocks" classname="blocks.spec.ts" time="0.598">
</testcase>
<testcase name="Color Block Escape (Blocks) › undo button is visible" classname="blocks.spec.ts" time="0.561">
</testcase>
<testcase name="Color Block Escape (Blocks) › reset button is visible" classname="blocks.spec.ts" time="0.255">
</testcase>
<testcase name="Color Block Escape (Blocks) › mute button toggles state" classname="blocks.spec.ts" time="0.32">
</testcase>
<testcase name="Color Block Escape (Blocks) › level picker modal opens and closes" classname="blocks.spec.ts" time="0.346">
</testcase>
<testcase name="Color Block Escape (Blocks) › can navigate back to hub" classname="blocks.spec.ts" time="0.385">
</testcase>
<testcase name="Blocks - Persistence › progress saves and restores" classname="blocks.spec.ts" time="0.326">
</testcase>
<testcase name="Blocks - Persistence › cleared localStorage starts fresh game" classname="blocks.spec.ts" time="0.316">
</testcase>
<testcase name="Blocks - Persistence › corrupted save does not crash game" classname="blocks.spec.ts" time="0.354">
</testcase>
<testcase name="Blocks - Movement › block movement increases move counter" classname="blocks.spec.ts" time="0.532">
</testcase>
<testcase name="Blocks - Responsive Design › game adapts to mobile screen" classname="blocks.spec.ts" time="0.325">
</testcase>
<testcase name="Blocks - Responsive Design › game adapts to tablet screen" classname="blocks.spec.ts" time="0.428">
</testcase>
<testcase name="Blocks - Responsive Design › game adapts to desktop screen" classname="blocks.spec.ts" time="0.781">
</testcase>
</testsuite>
<testsuite name="cards.spec.ts" timestamp="2026-05-30T07:27:11.948Z" hostname="Mobile Chrome" tests="24" failures="0" skipped="0" time="11.038" errors="0">
<testcase name="Cards - Klondike Solitaire › klondike page loads with correct title" classname="cards.spec.ts" time="0.322">
</testcase>
<testcase name="Cards - Klondike Solitaire › klondike displays board with piles" classname="cards.spec.ts" time="0.374">
</testcase>
<testcase name="Cards - Klondike Solitaire › klondike displays stats" classname="cards.spec.ts" time="0.374">
</testcase>
<testcase name="Cards - Klondike Solitaire › deck theme button is visible" classname="cards.spec.ts" time="0.358">
</testcase>
<testcase name="Cards - Klondike Solitaire › deck theme selector opens modal" classname="cards.spec.ts" time="0.35">
</testcase>
<testcase name="Cards - Klondike Solitaire › can select different deck themes" classname="cards.spec.ts" time="1.368">
</testcase>
<testcase name="Cards - Klondike Solitaire › theme selection persists" classname="cards.spec.ts" time="0.767">
</testcase>
<testcase name="Cards - Klondike Solitaire › undo button is visible" classname="cards.spec.ts" time="0.316">
</testcase>
<testcase name="Cards - Klondike Solitaire › new game button is visible" classname="cards.spec.ts" time="0.563">
</testcase>
<testcase name="Cards - Klondike Solitaire › mute button toggles" classname="cards.spec.ts" time="0.337">
</testcase>
<testcase name="Cards - Klondike Solitaire › can navigate back to variants" classname="cards.spec.ts" time="0.294">
</testcase>
<testcase name="Cards - Spider Solitaire › spider page loads with correct title" classname="cards.spec.ts" time="0.444">
</testcase>
<testcase name="Cards - Spider Solitaire › spider displays board" classname="cards.spec.ts" time="0.359">
</testcase>
<testcase name="Cards - Spider Solitaire › spider has difficulty selector" classname="cards.spec.ts" time="0.361">
</testcase>
<testcase name="Cards - Spider Solitaire › spider displays completed sets counter" classname="cards.spec.ts" time="0.368">
</testcase>
<testcase name="Cards - FreeCell › freecell page loads with correct title" classname="cards.spec.ts" time="0.331">
</testcase>
<testcase name="Cards - FreeCell › freecell displays free cells and foundations" classname="cards.spec.ts" time="0.302">
</testcase>
<testcase name="Cards - Persistence › game state saves to localStorage" classname="cards.spec.ts" time="0.285">
</testcase>
<testcase name="Cards - Persistence › deck theme persists across games" classname="cards.spec.ts" time="0.386">
</testcase>
<testcase name="Cards - Persistence › corrupted game save does not crash" classname="cards.spec.ts" time="0.346">
</testcase>
<testcase name="Cards - Responsive Design › klondike adapts to mobile" classname="cards.spec.ts" time="0.307">
</testcase>
<testcase name="Cards - Responsive Design › klondike adapts to tablet" classname="cards.spec.ts" time="0.454">
</testcase>
<testcase name="Cards - Responsive Design › klondike adapts to desktop" classname="cards.spec.ts" time="1.068">
</testcase>
<testcase name="Cards - Responsive Design › dark theme is applied" classname="cards.spec.ts" time="0.604">
</testcase>
</testsuite>
<testsuite name="digger.spec.ts" timestamp="2026-05-30T07:27:11.948Z" hostname="Mobile Chrome" tests="25" failures="0" skipped="0" time="17.621" errors="0">
<testcase name="Around the World Digger › digger game page loads" classname="digger.spec.ts" time="0.616">
</testcase>
<testcase name="Around the World Digger › displays viewport with world" classname="digger.spec.ts" time="0.337">
</testcase>
<testcase name="Around the World Digger › displays player sprite" classname="digger.spec.ts" time="0.351">
</testcase>
<testcase name="Around the World Digger › displays topbar with stats" classname="digger.spec.ts" time="0.347">
</testcase>
<testcase name="Around the World Digger › displays gold counter" classname="digger.spec.ts" time="0.328">
</testcase>
<testcase name="Around the World Digger › displays cart information" classname="digger.spec.ts" time="0.36">
</testcase>
<testcase name="Around the World Digger › shop button is visible" classname="digger.spec.ts" time="0.649">
</testcase>
<testcase name="Around the World Digger › reset button is visible" classname="digger.spec.ts" time="0.648">
</testcase>
<testcase name="Around the World Digger › mute button toggles state" classname="digger.spec.ts" time="0.411">
</testcase>
<testcase name="Around the World Digger › can navigate back to hub" classname="digger.spec.ts" time="0.439">
</testcase>
<testcase name="Digger - World &amp; Gameplay › world contains tiles" classname="digger.spec.ts" time="0.412">
</testcase>
<testcase name="Digger - World &amp; Gameplay › world contains various tile types" classname="digger.spec.ts" time="0.401">
</testcase>
<testcase name="Digger - World &amp; Gameplay › displays adjacent tile hints" classname="digger.spec.ts" time="0.404">
</testcase>
<testcase name="Digger - World &amp; Gameplay › elevator tiles are present" classname="digger.spec.ts" time="0.639">
</testcase>
<testcase name="Digger - World &amp; Gameplay › mineral visuals render" classname="digger.spec.ts" time="0.638">
</testcase>
<testcase name="Digger - Persistence › world state saves to localStorage" classname="digger.spec.ts" time="5.654">
</testcase>
<testcase name="Digger - Persistence › world persists across reloads" classname="digger.spec.ts" time="0.875">
</testcase>
<testcase name="Digger - Persistence › corrupted save does not crash game" classname="digger.spec.ts" time="0.405">
</testcase>
<testcase name="Digger - Persistence › multiple countries maintain separate worlds" classname="digger.spec.ts" time="0.585">
</testcase>
<testcase name="Digger - Movement › player can click adjacent tiles" classname="digger.spec.ts" time="0.615">
</testcase>
<testcase name="Digger - Movement › keyboard arrow keys work" classname="digger.spec.ts" time="0.415">
</testcase>
<testcase name="Digger - Movement › swipe/drag movement works on viewport" classname="digger.spec.ts" time="0.497">
</testcase>
<testcase name="Digger - Responsive Design › game adapts to mobile" classname="digger.spec.ts" time="0.367">
</testcase>
<testcase name="Digger - Responsive Design › game adapts to tablet" classname="digger.spec.ts" time="0.478">
</testcase>
<testcase name="Digger - Responsive Design › game adapts to desktop" classname="digger.spec.ts" time="0.75">
</testcase>
</testsuite>
<testsuite name="example.spec.js" timestamp="2026-05-30T07:27:11.948Z" hostname="Mobile Chrome" tests="2" failures="0" skipped="0" time="1.128" errors="0">
<testcase name="has title" classname="example.spec.js" time="0.6">
</testcase>
<testcase name="get started link" classname="example.spec.js" time="0.528">
</testcase>
</testsuite>
<testsuite name="idle.spec.ts" timestamp="2026-05-30T07:27:11.948Z" hostname="Mobile Chrome" tests="17" failures="0" skipped="0" time="23.467" errors="0">
<testcase name="Donut Empire (Idle) › idle game page loads" classname="idle.spec.ts" time="0.373">
</testcase>
<testcase name="Donut Empire (Idle) › displays coin counter at 0" classname="idle.spec.ts" time="0.415">
</testcase>
<testcase name="Donut Empire (Idle) › displays coin rate" classname="idle.spec.ts" time="0.399">
</testcase>
<testcase name="Donut Empire (Idle) › displays click power" classname="idle.spec.ts" time="0.437">
</testcase>
<testcase name="Donut Empire (Idle) › donut button is clickable" classname="idle.spec.ts" time="0.418">
</testcase>
<testcase name="Donut Empire (Idle) › clicking donut increases coins" classname="idle.spec.ts" time="0.557">
</testcase>
<testcase name="Donut Empire (Idle) › shop displays generators" classname="idle.spec.ts" time="0.417">
</testcase>
<testcase name="Donut Empire (Idle) › reset button is visible" classname="idle.spec.ts" time="0.374">
</testcase>
<testcase name="Donut Empire (Idle) › mute button toggles state" classname="idle.spec.ts" time="0.465">
</testcase>
<testcase name="Donut Empire (Idle) › can navigate back to hub" classname="idle.spec.ts" time="0.617">
</testcase>
<testcase name="Idle - Persistence › game state saves to localStorage" classname="idle.spec.ts" time="5.913">
</testcase>
<testcase name="Idle - Persistence › game state restores after reload" classname="idle.spec.ts" time="10.212">
</testcase>
<testcase name="Idle - Persistence › corrupted save does not crash game" classname="idle.spec.ts" time="0.321">
</testcase>
<testcase name="Idle - Persistence › offline earnings message appears" classname="idle.spec.ts" time="0.885">
</testcase>
<testcase name="Idle - Responsive Design › game adapts to mobile" classname="idle.spec.ts" time="0.391">
</testcase>
<testcase name="Idle - Responsive Design › game adapts to tablet" classname="idle.spec.ts" time="0.476">
</testcase>
<testcase name="Idle - Responsive Design › game adapts to desktop" classname="idle.spec.ts" time="0.797">
</testcase>
</testsuite>
<testsuite name="site.spec.ts" timestamp="2026-05-30T07:27:11.948Z" hostname="Mobile Chrome" tests="11" failures="0" skipped="0" time="3.949" errors="0">
<testcase name="New Games - Site Smoke Tests › hub page loads with correct title" classname="site.spec.ts" time="0.287">
</testcase>
<testcase name="New Games - Site Smoke Tests › hub displays hero header" classname="site.spec.ts" time="0.224">
</testcase>
<testcase name="New Games - Site Smoke Tests › hub shows all 4 game cards" classname="site.spec.ts" time="0.224">
</testcase>
<testcase name="New Games - Site Smoke Tests › game cards have correct titles" classname="site.spec.ts" time="0.575">
</testcase>
<testcase name="New Games - Site Smoke Tests › game cards are clickable links" classname="site.spec.ts" time="0.26">
</testcase>
<testcase name="New Games - Site Smoke Tests › hero button plays sound on click" classname="site.spec.ts" time="0.583">
</testcase>
<testcase name="New Games - Site Smoke Tests › footer displays credit text" classname="site.spec.ts" time="0.218">
</testcase>
<testcase name="New Games - Site Smoke Tests › hub navigation returns when clicking back from a game" classname="site.spec.ts" time="0.409">
</testcase>
<testcase name="Hub Responsiveness › layout adapts to mobile viewport" classname="site.spec.ts" time="0.253">
</testcase>
<testcase name="Hub Responsiveness › layout adapts to tablet viewport" classname="site.spec.ts" time="0.352">
</testcase>
<testcase name="Hub Responsiveness › layout adapts to desktop viewport" classname="site.spec.ts" time="0.564">
</testcase>
</testsuite>
<testsuite name="blocks.spec.ts" timestamp="2026-05-30T07:27:11.948Z" hostname="Mobile Safari" tests="20" failures="0" skipped="0" time="16.495" errors="0">
<testcase name="Color Block Escape (Blocks) › game page loads with correct title" classname="blocks.spec.ts" time="0.442">
</testcase>
<testcase name="Color Block Escape (Blocks) › level 1 board renders" classname="blocks.spec.ts" time="0.444">
</testcase>
<testcase name="Color Block Escape (Blocks) › blocks are rendered on board" classname="blocks.spec.ts" time="0.494">
</testcase>
<testcase name="Color Block Escape (Blocks) › level header displays current level" classname="blocks.spec.ts" time="0.506">
</testcase>
<testcase name="Color Block Escape (Blocks) › move counter starts at 0" classname="blocks.spec.ts" time="0.471">
</testcase>
<testcase name="Color Block Escape (Blocks) › hint button is visible" classname="blocks.spec.ts" time="0.478">
</testcase>
<testcase name="Color Block Escape (Blocks) › hint button pulses doors" classname="blocks.spec.ts" time="5.333">
</testcase>
<testcase name="Color Block Escape (Blocks) › can select/deselect blocks" classname="blocks.spec.ts" time="0.764">
</testcase>
<testcase name="Color Block Escape (Blocks) › undo button is visible" classname="blocks.spec.ts" time="0.454">
</testcase>
<testcase name="Color Block Escape (Blocks) › reset button is visible" classname="blocks.spec.ts" time="0.385">
</testcase>
<testcase name="Color Block Escape (Blocks) › mute button toggles state" classname="blocks.spec.ts" time="0.546">
</testcase>
<testcase name="Color Block Escape (Blocks) › level picker modal opens and closes" classname="blocks.spec.ts" time="0.751">
</testcase>
<testcase name="Color Block Escape (Blocks) › can navigate back to hub" classname="blocks.spec.ts" time="0.602">
</testcase>
<testcase name="Blocks - Persistence › progress saves and restores" classname="blocks.spec.ts" time="0.354">
</testcase>
<testcase name="Blocks - Persistence › cleared localStorage starts fresh game" classname="blocks.spec.ts" time="0.514">
</testcase>
<testcase name="Blocks - Persistence › corrupted save does not crash game" classname="blocks.spec.ts" time="0.521">
</testcase>
<testcase name="Blocks - Movement › block movement increases move counter" classname="blocks.spec.ts" time="1.03">
</testcase>
<testcase name="Blocks - Responsive Design › game adapts to mobile screen" classname="blocks.spec.ts" time="0.541">
</testcase>
<testcase name="Blocks - Responsive Design › game adapts to tablet screen" classname="blocks.spec.ts" time="0.655">
</testcase>
<testcase name="Blocks - Responsive Design › game adapts to desktop screen" classname="blocks.spec.ts" time="1.21">
</testcase>
</testsuite>
<testsuite name="cards.spec.ts" timestamp="2026-05-30T07:27:11.948Z" hostname="Mobile Safari" tests="24" failures="1" skipped="0" time="18.036" errors="0">
<testcase name="Cards - Klondike Solitaire › klondike page loads with correct title" classname="cards.spec.ts" time="0.582">
</testcase>
<testcase name="Cards - Klondike Solitaire › klondike displays board with piles" classname="cards.spec.ts" time="0.561">
</testcase>
<testcase name="Cards - Klondike Solitaire › klondike displays stats" classname="cards.spec.ts" time="0.605">
</testcase>
<testcase name="Cards - Klondike Solitaire › deck theme button is visible" classname="cards.spec.ts" time="0.644">
</testcase>
<testcase name="Cards - Klondike Solitaire › deck theme selector opens modal" classname="cards.spec.ts" time="0.899">
</testcase>
<testcase name="Cards - Klondike Solitaire › can select different deck themes" classname="cards.spec.ts" time="1.65">
</testcase>
<testcase name="Cards - Klondike Solitaire › theme selection persists" classname="cards.spec.ts" time="1.261">
</testcase>
<testcase name="Cards - Klondike Solitaire › undo button is visible" classname="cards.spec.ts" time="0.457">
</testcase>
<testcase name="Cards - Klondike Solitaire › new game button is visible" classname="cards.spec.ts" time="0.424">
</testcase>
<testcase name="Cards - Klondike Solitaire › mute button toggles" classname="cards.spec.ts" time="0.656">
</testcase>
<testcase name="Cards - Klondike Solitaire › can navigate back to variants" classname="cards.spec.ts" time="0.565">
</testcase>
<testcase name="Cards - Spider Solitaire › spider page loads with correct title" classname="cards.spec.ts" time="0.587">
</testcase>
<testcase name="Cards - Spider Solitaire › spider displays board" classname="cards.spec.ts" time="0.623">
</testcase>
<testcase name="Cards - Spider Solitaire › spider has difficulty selector" classname="cards.spec.ts" time="0.591">
</testcase>
<testcase name="Cards - Spider Solitaire › spider displays completed sets counter" classname="cards.spec.ts" time="0.626">
</testcase>
<testcase name="Cards - FreeCell › freecell page loads with correct title" classname="cards.spec.ts" time="0.533">
</testcase>
<testcase name="Cards - FreeCell › freecell displays free cells and foundations" classname="cards.spec.ts" time="0.59">
</testcase>
<testcase name="Cards - Persistence › game state saves to localStorage" classname="cards.spec.ts" time="0.739">
<system-out>
<![CDATA[
[[ATTACHMENT|test-results\cards-Cards---Persistence-game-state-saves-to-localStorage-Mobile-Safari\test-failed-1.png]]

[[ATTACHMENT|test-results\cards-Cards---Persistence-game-state-saves-to-localStorage-Mobile-Safari\error-context.md]]
]]>
</system-out>
<failure message="expect(received).toBeTruthy()" type="expect.toBeTruthy">
<![CDATA[  [Mobile Safari] › cards.spec.ts:207:7 › Cards - Persistence › game state saves to localStorage ───

    Error: expect(received).toBeTruthy()

    Received: null

      215 |
      216 |     // Should have some save data
    > 217 |     expect(gameSave).toBeTruthy();
          |                      ^
      218 |
      219 |     const saveData = JSON.parse(gameSave!);
      220 |     expect(saveData.version).toBe(1);
        at C:\Users\Vartd\OneDrive\Skrivebord\Learning AI\vscode\New projects\New games\tests\cards.spec.ts:217:22

    attachment #1: screenshot (image/png) ──────────────────────────────────────────────────────────
    ..\test-results\cards-Cards---Persistence-game-state-saves-to-localStorage-Mobile-Safari\test-failed-1.png
    ────────────────────────────────────────────────────────────────────────────────────────────────

    Error Context: ..\test-results\cards-Cards---Persistence-game-state-saves-to-localStorage-Mobile-Safari\error-context.md
]]>
</failure>
</testcase>
<testcase name="Cards - Persistence › deck theme persists across games" classname="cards.spec.ts" time="0.731">
</testcase>
<testcase name="Cards - Persistence › corrupted game save does not crash" classname="cards.spec.ts" time="0.729">
</testcase>
<testcase name="Cards - Responsive Design › klondike adapts to mobile" classname="cards.spec.ts" time="0.657">
</testcase>
<testcase name="Cards - Responsive Design › klondike adapts to tablet" classname="cards.spec.ts" time="1.032">
</testcase>
<testcase name="Cards - Responsive Design › klondike adapts to desktop" classname="cards.spec.ts" time="1.623">
</testcase>
<testcase name="Cards - Responsive Design › dark theme is applied" classname="cards.spec.ts" time="0.671">
</testcase>
</testsuite>
<testsuite name="digger.spec.ts" timestamp="2026-05-30T07:27:11.948Z" hostname="Mobile Safari" tests="25" failures="0" skipped="0" time="26.9" errors="0">
<testcase name="Around the World Digger › digger game page loads" classname="digger.spec.ts" time="0.685">
</testcase>
<testcase name="Around the World Digger › displays viewport with world" classname="digger.spec.ts" time="0.832">
</testcase>
<testcase name="Around the World Digger › displays player sprite" classname="digger.spec.ts" time="0.843">
</testcase>
<testcase name="Around the World Digger › displays topbar with stats" classname="digger.spec.ts" time="0.626">
</testcase>
<testcase name="Around the World Digger › displays gold counter" classname="digger.spec.ts" time="0.601">
</testcase>
<testcase name="Around the World Digger › displays cart information" classname="digger.spec.ts" time="0.627">
</testcase>
<testcase name="Around the World Digger › shop button is visible" classname="digger.spec.ts" time="0.67">
</testcase>
<testcase name="Around the World Digger › reset button is visible" classname="digger.spec.ts" time="0.808">
</testcase>
<testcase name="Around the World Digger › mute button toggles state" classname="digger.spec.ts" time="0.912">
</testcase>
<testcase name="Around the World Digger › can navigate back to hub" classname="digger.spec.ts" time="1.017">
</testcase>
<testcase name="Digger - World &amp; Gameplay › world contains tiles" classname="digger.spec.ts" time="0.933">
</testcase>
<testcase name="Digger - World &amp; Gameplay › world contains various tile types" classname="digger.spec.ts" time="0.964">
</testcase>
<testcase name="Digger - World &amp; Gameplay › displays adjacent tile hints" classname="digger.spec.ts" time="0.623">
</testcase>
<testcase name="Digger - World &amp; Gameplay › elevator tiles are present" classname="digger.spec.ts" time="0.585">
</testcase>
<testcase name="Digger - World &amp; Gameplay › mineral visuals render" classname="digger.spec.ts" time="0.705">
</testcase>
<testcase name="Digger - Persistence › world state saves to localStorage" classname="digger.spec.ts" time="6.174">
</testcase>
<testcase name="Digger - Persistence › world persists across reloads" classname="digger.spec.ts" time="1.51">
</testcase>
<testcase name="Digger - Persistence › corrupted save does not crash game" classname="digger.spec.ts" time="1.297">
</testcase>
<testcase name="Digger - Persistence › multiple countries maintain separate worlds" classname="digger.spec.ts" time="1.164">
</testcase>
<testcase name="Digger - Movement › player can click adjacent tiles" classname="digger.spec.ts" time="0.687">
</testcase>
<testcase name="Digger - Movement › keyboard arrow keys work" classname="digger.spec.ts" time="0.84">
</testcase>
<testcase name="Digger - Movement › swipe/drag movement works on viewport" classname="digger.spec.ts" time="1.079">
</testcase>
<testcase name="Digger - Responsive Design › game adapts to mobile" classname="digger.spec.ts" time="0.614">
</testcase>
<testcase name="Digger - Responsive Design › game adapts to tablet" classname="digger.spec.ts" time="0.826">
</testcase>
<testcase name="Digger - Responsive Design › game adapts to desktop" classname="digger.spec.ts" time="1.278">
</testcase>
</testsuite>
<testsuite name="example.spec.js" timestamp="2026-05-30T07:27:11.948Z" hostname="Mobile Safari" tests="2" failures="0" skipped="0" time="1.84" errors="0">
<testcase name="has title" classname="example.spec.js" time="0.693">
</testcase>
<testcase name="get started link" classname="example.spec.js" time="1.147">
</testcase>
</testsuite>
<testsuite name="idle.spec.ts" timestamp="2026-05-30T07:27:11.948Z" hostname="Mobile Safari" tests="17" failures="0" skipped="0" time="33.353" errors="0">
<testcase name="Donut Empire (Idle) › idle game page loads" classname="idle.spec.ts" time="0.568">
</testcase>
<testcase name="Donut Empire (Idle) › displays coin counter at 0" classname="idle.spec.ts" time="0.647">
</testcase>
<testcase name="Donut Empire (Idle) › displays coin rate" classname="idle.spec.ts" time="0.619">
</testcase>
<testcase name="Donut Empire (Idle) › displays click power" classname="idle.spec.ts" time="0.603">
</testcase>
<testcase name="Donut Empire (Idle) › donut button is clickable" classname="idle.spec.ts" time="0.798">
</testcase>
<testcase name="Donut Empire (Idle) › clicking donut increases coins" classname="idle.spec.ts" time="1.375">
</testcase>
<testcase name="Donut Empire (Idle) › shop displays generators" classname="idle.spec.ts" time="0.732">
</testcase>
<testcase name="Donut Empire (Idle) › reset button is visible" classname="idle.spec.ts" time="0.654">
</testcase>
<testcase name="Donut Empire (Idle) › mute button toggles state" classname="idle.spec.ts" time="1.267">
</testcase>
<testcase name="Donut Empire (Idle) › can navigate back to hub" classname="idle.spec.ts" time="1.096">
</testcase>
<testcase name="Idle - Persistence › game state saves to localStorage" classname="idle.spec.ts" time="6.662">
</testcase>
<testcase name="Idle - Persistence › game state restores after reload" classname="idle.spec.ts" time="13.477">
</testcase>
<testcase name="Idle - Persistence › corrupted save does not crash game" classname="idle.spec.ts" time="0.543">
</testcase>
<testcase name="Idle - Persistence › offline earnings message appears" classname="idle.spec.ts" time="1.087">
</testcase>
<testcase name="Idle - Responsive Design › game adapts to mobile" classname="idle.spec.ts" time="0.598">
</testcase>
<testcase name="Idle - Responsive Design › game adapts to tablet" classname="idle.spec.ts" time="0.93">
</testcase>
<testcase name="Idle - Responsive Design › game adapts to desktop" classname="idle.spec.ts" time="1.697">
</testcase>
</testsuite>
<testsuite name="site.spec.ts" timestamp="2026-05-30T07:27:11.948Z" hostname="Mobile Safari" tests="11" failures="0" skipped="0" time="8.091" errors="0">
<testcase name="New Games - Site Smoke Tests › hub page loads with correct title" classname="site.spec.ts" time="0.37">
</testcase>
<testcase name="New Games - Site Smoke Tests › hub displays hero header" classname="site.spec.ts" time="0.469">
</testcase>
<testcase name="New Games - Site Smoke Tests › hub shows all 4 game cards" classname="site.spec.ts" time="0.445">
</testcase>
<testcase name="New Games - Site Smoke Tests › game cards have correct titles" classname="site.spec.ts" time="0.606">
</testcase>
<testcase name="New Games - Site Smoke Tests › game cards are clickable links" classname="site.spec.ts" time="0.581">
</testcase>
<testcase name="New Games - Site Smoke Tests › hero button plays sound on click" classname="site.spec.ts" time="1.019">
</testcase>
<testcase name="New Games - Site Smoke Tests › footer displays credit text" classname="site.spec.ts" time="0.656">
</testcase>
<testcase name="New Games - Site Smoke Tests › hub navigation returns when clicking back from a game" classname="site.spec.ts" time="1.222">
</testcase>
<testcase name="Hub Responsiveness › layout adapts to mobile viewport" classname="site.spec.ts" time="0.759">
</testcase>
<testcase name="Hub Responsiveness › layout adapts to tablet viewport" classname="site.spec.ts" time="0.793">
</testcase>
<testcase name="Hub Responsiveness › layout adapts to desktop viewport" classname="site.spec.ts" time="1.171">
</testcase>
</testsuite>
</testsuites>